###############################################################################
#
# IAR ELF Linker V9.20.4.327/W64 for ARM                  10/Dec/2022  18:14:59
# Copyright 2007-2022 IAR Systems AB.
#
#    Output file  =
#        C:\Users\205\Downloads\Bluetooth (4)\EWARM\Bluetooth\Exe\Bluetooth.out
#    Map file     =
#        C:\Users\205\Downloads\Bluetooth
#        (4)\EWARM\Bluetooth\List\Bluetooth.map
#    Command line =
#        -f "C:\Users\205\Downloads\Bluetooth
#        (4)\EWARM\Bluetooth\Exe\Bluetooth.out.rsp"
#        ("C:\Users\205\Downloads\Bluetooth
#        (4)\EWARM\Bluetooth\Obj\Application\User\Core\main.o"
#        "C:\Users\205\Downloads\Bluetooth
#        (4)\EWARM\Bluetooth\Obj\Application\EWARM\startup_stm32f429xx.o"
#        "C:\Users\205\Downloads\Bluetooth
#        (4)\EWARM\Bluetooth\Obj\Drivers\STM32F4xx_HAL_Driver\stm32f4xx_hal.o"
#        "C:\Users\205\Downloads\Bluetooth
#        (4)\EWARM\Bluetooth\Obj\Drivers\STM32F4xx_HAL_Driver\stm32f4xx_hal_cortex.o"
#        "C:\Users\205\Downloads\Bluetooth
#        (4)\EWARM\Bluetooth\Obj\Drivers\STM32F4xx_HAL_Driver\stm32f4xx_hal_dma.o"
#        "C:\Users\205\Downloads\Bluetooth
#        (4)\EWARM\Bluetooth\Obj\Drivers\STM32F4xx_HAL_Driver\stm32f4xx_hal_dma_ex.o"
#        "C:\Users\205\Downloads\Bluetooth
#        (4)\EWARM\Bluetooth\Obj\Drivers\STM32F4xx_HAL_Driver\stm32f4xx_hal_exti.o"
#        "C:\Users\205\Downloads\Bluetooth
#        (4)\EWARM\Bluetooth\Obj\Drivers\STM32F4xx_HAL_Driver\stm32f4xx_hal_flash.o"
#        "C:\Users\205\Downloads\Bluetooth
#        (4)\EWARM\Bluetooth\Obj\Drivers\STM32F4xx_HAL_Driver\stm32f4xx_hal_flash_ex.o"
#        "C:\Users\205\Downloads\Bluetooth
#        (4)\EWARM\Bluetooth\Obj\Drivers\STM32F4xx_HAL_Driver\stm32f4xx_hal_flash_ramfunc.o"
#        "C:\Users\205\Downloads\Bluetooth
#        (4)\EWARM\Bluetooth\Obj\Drivers\STM32F4xx_HAL_Driver\stm32f4xx_hal_gpio.o"
#        "C:\Users\205\Downloads\Bluetooth
#        (4)\EWARM\Bluetooth\Obj\Application\User\Core\stm32f4xx_hal_msp.o"
#        "C:\Users\205\Downloads\Bluetooth
#        (4)\EWARM\Bluetooth\Obj\Drivers\STM32F4xx_HAL_Driver\stm32f4xx_hal_pwr.o"
#        "C:\Users\205\Downloads\Bluetooth
#        (4)\EWARM\Bluetooth\Obj\Drivers\STM32F4xx_HAL_Driver\stm32f4xx_hal_pwr_ex.o"
#        "C:\Users\205\Downloads\Bluetooth
#        (4)\EWARM\Bluetooth\Obj\Drivers\STM32F4xx_HAL_Driver\stm32f4xx_hal_rcc.o"
#        "C:\Users\205\Downloads\Bluetooth
#        (4)\EWARM\Bluetooth\Obj\Drivers\STM32F4xx_HAL_Driver\stm32f4xx_hal_rcc_ex.o"
#        "C:\Users\205\Downloads\Bluetooth
#        (4)\EWARM\Bluetooth\Obj\Drivers\STM32F4xx_HAL_Driver\stm32f4xx_hal_rtc.o"
#        "C:\Users\205\Downloads\Bluetooth
#        (4)\EWARM\Bluetooth\Obj\Drivers\STM32F4xx_HAL_Driver\stm32f4xx_hal_rtc_ex.o"
#        "C:\Users\205\Downloads\Bluetooth
#        (4)\EWARM\Bluetooth\Obj\Drivers\STM32F4xx_HAL_Driver\stm32f4xx_hal_tim.o"
#        "C:\Users\205\Downloads\Bluetooth
#        (4)\EWARM\Bluetooth\Obj\Drivers\STM32F4xx_HAL_Driver\stm32f4xx_hal_tim_ex.o"
#        "C:\Users\205\Downloads\Bluetooth
#        (4)\EWARM\Bluetooth\Obj\Drivers\STM32F4xx_HAL_Driver\stm32f4xx_hal_uart.o"
#        "C:\Users\205\Downloads\Bluetooth
#        (4)\EWARM\Bluetooth\Obj\Application\User\Core\stm32f4xx_it.o"
#        "C:\Users\205\Downloads\Bluetooth
#        (4)\EWARM\Bluetooth\Obj\Drivers\CMSIS\system_stm32f4xx.o"
#        --no_out_extension -o "C:\Users\205\Downloads\Bluetooth
#        (4)\EWARM\Bluetooth\Exe\Bluetooth.out" --redirect
#        _Printf=_PrintfFullNoMb --redirect _Scanf=_ScanfFullNoMb --map
#        "C:\Users\205\Downloads\Bluetooth
#        (4)\EWARM\Bluetooth\List\Bluetooth.map" --config
#        "C:\Users\205\Downloads\Bluetooth (4)\EWARM/stm32f429xx_flash.icf"
#        --semihosting --entry __iar_program_start --vfe --text_out locale)
#
###############################################################################

*******************************************************************************
*** RUNTIME MODEL ATTRIBUTES
***

CppFlavor       = *
__CPP_Runtime   = 1
__SystemLibrary = DLib
__dlib_version  = 6


*******************************************************************************
*** HEAP SELECTION
***

The basic heap was selected because some modules are built with
size limitations (and not runtime checking), and --advanced_heap
was not specified.


*******************************************************************************
*** PLACEMENT SUMMARY
***

"A0":  place at address 0x800'0000 { ro section .intvec };
"P1":  place in [from 0x800'0000 to 0x81f'ffff] { ro };
define block CSTACK with size = 1K, alignment = 8 { };
define block HEAP with size = 512, alignment = 8 { };
"P2":  place in [from 0x2000'0000 to 0x2002'ffff] {
          rw, block CSTACK, block HEAP };
initialize by copy { rw };

  Section            Kind         Address    Size  Object
  -------            ----         -------    ----  ------
"A0":                                       0x1ac
  .intvec            ro code   0x800'0000   0x1ac  startup_stm32f429xx.o [1]
                             - 0x800'01ac   0x1ac

"P1":                                      0x5dd4
  .text              ro code   0x800'01ac  0x11f0  main.o [2]
  .text              ro code   0x800'139c   0xa7a  stm32f4xx_hal_tim.o [4]
  .text              ro code   0x800'1e16    0x3a  packbits_init_single.o [7]
  .text              ro code   0x800'1e50    0x1c  U32ToDbl.o [6]
  .text              ro code   0x800'1e6c    0x48  FltToDbl.o [6]
  .text              ro code   0x800'1eb4   0x1aa  DblMul.o [6]
  .rodata            const     0x800'205e     0x2  xlocale_c.o [5]
  .text              ro code   0x800'2060   0x246  DblDiv.o [6]
  .rodata            const     0x800'22a6     0x1  xlocale_c.o [5]
  .text              ro code   0x800'22a8    0x68  DblToFlt.o [6]
  .text              ro code   0x800'2310    0x12  math_wrappers64.o [6]
  .text              ro code   0x800'2324    0x36  DblToS32.o [6]
  .text              ro code   0x800'235c     0x6  ABImemclr.o [7]
  .text              ro code   0x800'2364    0x22  S32ToDbl.o [6]
  .text              ro code   0x800'2388   0x25e  DblAddSub.o [6]
  .text              ro code   0x800'25e6    0x1e  strcat.o [5]
  .text              ro code   0x800'2604    0x14  strlen_small.o [7]
  .text              ro code   0x800'2618   0x754  stm32f4xx_hal_uart.o [4]
  .text              ro code   0x800'2d6c     0x6  ABImemclr4.o [7]
  .text              ro code   0x800'2d74    0x34  stm32f4xx_hal.o [4]
  .text              ro code   0x800'2da8   0x22c  stm32f4xx_hal_gpio.o [4]
  .text              ro code   0x800'2fd4    0xc4  stm32f4xx_hal_cortex.o [4]
  .text              ro code   0x800'3098    0xe0  stm32f4xx_hal_tim_ex.o [4]
  .text              ro code   0x800'3178   0x21c  stm32f4xx_hal_msp.o [2]
  .text              ro code   0x800'3394   0x356  stm32f4xx_hal_rtc.o [4]
  .text              ro code   0x800'36ec    0x28  printf.o [5]
  .text              ro code   0x800'3714   0x31c  stm32f4xx_hal_rcc.o [4]
  .text              ro code   0x800'3a30   0x14c  stm32f4xx_hal_rcc.o [4]
  .text              ro code   0x800'3b7c     0x2  stm32f4xx_hal_tim.o [4]
  .text              ro code   0x800'3b80   0x408  stm32f4xx_hal_dma.o [4]
  .text              ro code   0x800'3f88     0x2  stm32f4xx_hal_tim.o [4]
  .text              ro code   0x800'3f8a     0x2  stm32f4xx_hal_tim.o [4]
  .text              ro code   0x800'3f8c     0x2  stm32f4xx_hal_tim.o [4]
  .text              ro code   0x800'3f8e     0x2  stm32f4xx_hal_tim_ex.o [4]
  .text              ro code   0x800'3f90     0x2  stm32f4xx_hal_tim.o [4]
  .text              ro code   0x800'3f92     0x2  stm32f4xx_hal_tim_ex.o [4]
  .text              ro code   0x800'3f94     0x2  stm32f4xx_hal_tim.o [4]
  .text              ro code   0x800'3f96     0x2  stm32f4xx_hal_tim.o [4]
  .text              ro code   0x800'3f98   0x374  tan64.o [6]
  .text              ro code   0x800'430c    0x66  ABImemset.o [7]
  .text              ro code   0x800'4374     0xc  stm32f4xx_hal.o [4]
  .text              ro code   0x800'4380     0x2  stm32f4xx_hal_uart.o [4]
  .text              ro code   0x800'4382     0x2  stm32f4xx_hal_uart.o [4]
  .text              ro code   0x800'4384     0x2  stm32f4xx_hal_uart.o [4]
  .text              ro code   0x800'4386     0x2  stm32f4xx_hal_uart.o [4]
  .text              ro code   0x800'4388   0x106  I64DivMod_small.o [7]
  .text              ro code   0x800'4490    0x32  ABImemset48.o [7]
  .text              ro code   0x800'44c4    0x40  stm32f4xx_hal.o [4]
  .text              ro code   0x800'4504    0x14  memset.o [7]
  .text              ro code   0x800'4518   0x224  stm32f4xx_hal_rcc_ex.o [4]
  .text              ro code   0x800'473c   0xf2e  xprintffull_nomb.o [5]
  .text              ro code   0x800'566c    0x60  stm32f4xx_hal_rcc.o [4]
  .text              ro code   0x800'56cc    0x34  DblCmpLe.o [6]
  .text              ro code   0x800'5700     0x2  I64DivZer.o [7]
  .text              ro code   0x800'5704    0x16  strchr.o [7]
  .text              ro code   0x800'571c    0x40  xfail_s.o [5]
  .text              ro code   0x800'575c    0x58  memchr.o [7]
  .text              ro code   0x800'57b4    0xa6  ABImemcpy.o [7]
  .text              ro code   0x800'585c    0x70  frexp.o [6]
  .text              ro code   0x800'58cc    0x34  DblCmpGe.o [6]
  .text              ro code   0x800'5900   0x13a  ldexp.o [6]
  .text              ro code   0x800'5a3c    0x22  DblToU32.o [6]
  .text              ro code   0x800'5a60     0x8  xlocale_c.o [5]
  .text              ro code   0x800'5a68     0x6  abort.o [5]
  .text              ro code   0x800'5a70    0x14  exit.o [8]
  .text              ro code   0x800'5a84    0x7c  iarttio.o [8]
  .text              ro code   0x800'5b00     0x8  XShttio.o [5]
  .text              ro code   0x800'5b08    0x7c  stm32f4xx_it.o [2]
  .text              ro code   0x800'5b84    0x10  stm32f4xx_hal.o [4]
  .text              ro code   0x800'5b94    0x44  putchar.o [5]
  .text              ro code   0x800'5bd8    0x10  write.o [8]
  .text              ro code   0x800'5be8    0x1e  dwrite.o [8]
  .text              ro code   0x800'5c06    0x20  iarwstd.o [8]
  .text              ro code   0x800'5c26    0x22  iarwrite.o [8]
  .text              ro code   0x800'5c48    0x38  zero_init3.o [7]
  .text              ro code   0x800'5c80    0x28  data_init.o [7]
  .rodata            const     0x800'5ca8    0x24  main.o [2]
  .text              ro code   0x800'5ccc    0x22  fpinit_M.o [6]
  .iar.init_table    const     0x800'5cf0    0x20  - Linker created -
  .text              ro code   0x800'5d10    0x20  system_stm32f4xx.o [3]
  .text              ro code   0x800'5d30    0x1e  cmain.o [7]
  .text              ro code   0x800'5d4e     0x4  low_level_init.o [5]
  .text              ro code   0x800'5d52     0x4  exit.o [5]
  .text              ro code   0x800'5d58     0xa  cexit.o [7]
  .text              ro code   0x800'5d64    0x1c  cstartup_M.o [7]
  .text              ro code   0x800'5d80    0x16  xprout.o [5]
  .text              ro code   0x800'5d98    0x10  startup_stm32f429xx.o [1]
  .rodata            const     0x800'5da8     0x8  system_stm32f4xx.o [3]
  .text              ro code   0x800'5db0     0x4  startup_stm32f429xx.o [1]
  .text              ro code   0x800'5db4     0x4  startup_stm32f429xx.o [1]
  .text              ro code   0x800'5db8     0x4  startup_stm32f429xx.o [1]
  .text              ro code   0x800'5dbc     0x4  startup_stm32f429xx.o [1]
  .text              ro code   0x800'5dc0     0x4  startup_stm32f429xx.o [1]
  .text              ro code   0x800'5dc4     0x4  startup_stm32f429xx.o [1]
  .text              ro code   0x800'5dc8     0x4  startup_stm32f429xx.o [1]
  .text              ro code   0x800'5dcc     0x4  startup_stm32f429xx.o [1]
  .text              ro code   0x800'5dd0     0x4  startup_stm32f429xx.o [1]
  .text              ro code   0x800'5dd4     0x4  startup_stm32f429xx.o [1]
  .text              ro code   0x800'5dd8     0x4  startup_stm32f429xx.o [1]
  .text              ro code   0x800'5ddc     0x4  startup_stm32f429xx.o [1]
  .text              ro code   0x800'5de0     0x4  startup_stm32f429xx.o [1]
  .text              ro code   0x800'5de4     0x4  startup_stm32f429xx.o [1]
  .text              ro code   0x800'5de8     0x4  startup_stm32f429xx.o [1]
  .text              ro code   0x800'5dec     0x4  startup_stm32f429xx.o [1]
  .text              ro code   0x800'5df0     0x4  startup_stm32f429xx.o [1]
  .text              ro code   0x800'5df4     0x4  startup_stm32f429xx.o [1]
  .text              ro code   0x800'5df8     0x4  startup_stm32f429xx.o [1]
  .text              ro code   0x800'5dfc     0x4  startup_stm32f429xx.o [1]
  .text              ro code   0x800'5e00     0x4  startup_stm32f429xx.o [1]
  .text              ro code   0x800'5e04     0x4  startup_stm32f429xx.o [1]
  .text              ro code   0x800'5e08     0x4  startup_stm32f429xx.o [1]
  .text              ro code   0x800'5e0c     0x4  startup_stm32f429xx.o [1]
  .text              ro code   0x800'5e10     0x4  startup_stm32f429xx.o [1]
  .text              ro code   0x800'5e14     0x4  startup_stm32f429xx.o [1]
  .text              ro code   0x800'5e18     0x4  startup_stm32f429xx.o [1]
  .text              ro code   0x800'5e1c     0x4  startup_stm32f429xx.o [1]
  .text              ro code   0x800'5e20     0x4  startup_stm32f429xx.o [1]
  .text              ro code   0x800'5e24     0x4  startup_stm32f429xx.o [1]
  .text              ro code   0x800'5e28     0x4  startup_stm32f429xx.o [1]
  .text              ro code   0x800'5e2c     0x4  startup_stm32f429xx.o [1]
  .text              ro code   0x800'5e30     0x4  startup_stm32f429xx.o [1]
  .text              ro code   0x800'5e34     0x4  startup_stm32f429xx.o [1]
  .text              ro code   0x800'5e38     0x4  startup_stm32f429xx.o [1]
  .text              ro code   0x800'5e3c     0x4  startup_stm32f429xx.o [1]
  .text              ro code   0x800'5e40     0x4  startup_stm32f429xx.o [1]
  .text              ro code   0x800'5e44     0x4  startup_stm32f429xx.o [1]
  .text              ro code   0x800'5e48     0x4  startup_stm32f429xx.o [1]
  .text              ro code   0x800'5e4c     0x4  startup_stm32f429xx.o [1]
  .text              ro code   0x800'5e50     0x4  startup_stm32f429xx.o [1]
  .text              ro code   0x800'5e54     0x4  startup_stm32f429xx.o [1]
  .text              ro code   0x800'5e58     0x4  startup_stm32f429xx.o [1]
  .text              ro code   0x800'5e5c     0x4  startup_stm32f429xx.o [1]
  .text              ro code   0x800'5e60     0x4  startup_stm32f429xx.o [1]
  .text              ro code   0x800'5e64     0x4  startup_stm32f429xx.o [1]
  .text              ro code   0x800'5e68     0x4  startup_stm32f429xx.o [1]
  .text              ro code   0x800'5e6c     0x4  startup_stm32f429xx.o [1]
  .text              ro code   0x800'5e70     0x4  startup_stm32f429xx.o [1]
  .text              ro code   0x800'5e74     0x4  startup_stm32f429xx.o [1]
  .text              ro code   0x800'5e78     0x4  startup_stm32f429xx.o [1]
  .text              ro code   0x800'5e7c     0x4  startup_stm32f429xx.o [1]
  .text              ro code   0x800'5e80     0x4  startup_stm32f429xx.o [1]
  .text              ro code   0x800'5e84     0x4  startup_stm32f429xx.o [1]
  .text              ro code   0x800'5e88     0x4  startup_stm32f429xx.o [1]
  .text              ro code   0x800'5e8c     0x4  startup_stm32f429xx.o [1]
  .text              ro code   0x800'5e90     0x4  startup_stm32f429xx.o [1]
  .text              ro code   0x800'5e94     0x4  startup_stm32f429xx.o [1]
  .text              ro code   0x800'5e98     0x4  startup_stm32f429xx.o [1]
  .text              ro code   0x800'5e9c     0x4  startup_stm32f429xx.o [1]
  .text              ro code   0x800'5ea0     0x4  startup_stm32f429xx.o [1]
  .text              ro code   0x800'5ea4     0x4  startup_stm32f429xx.o [1]
  .text              ro code   0x800'5ea8     0x4  startup_stm32f429xx.o [1]
  .text              ro code   0x800'5eac     0x4  startup_stm32f429xx.o [1]
  .text              ro code   0x800'5eb0     0x4  startup_stm32f429xx.o [1]
  .text              ro code   0x800'5eb4     0x4  startup_stm32f429xx.o [1]
  .text              ro code   0x800'5eb8     0x4  startup_stm32f429xx.o [1]
  .text              ro code   0x800'5ebc     0x4  startup_stm32f429xx.o [1]
  .text              ro code   0x800'5ec0     0x4  startup_stm32f429xx.o [1]
  .text              ro code   0x800'5ec4     0x4  startup_stm32f429xx.o [1]
  .text              ro code   0x800'5ec8     0x4  startup_stm32f429xx.o [1]
  .text              ro code   0x800'5ecc     0x4  startup_stm32f429xx.o [1]
  .text              ro code   0x800'5ed0     0x4  startup_stm32f429xx.o [1]
  .text              ro code   0x800'5ed4     0x4  startup_stm32f429xx.o [1]
  .text              ro code   0x800'5ed8     0x4  startup_stm32f429xx.o [1]
  .text              ro code   0x800'5edc     0x4  startup_stm32f429xx.o [1]
  .text              ro code   0x800'5ee0     0x4  startup_stm32f429xx.o [1]
  .text              ro code   0x800'5ee4     0x4  startup_stm32f429xx.o [1]
  .text              ro code   0x800'5ee8     0x4  startup_stm32f429xx.o [1]
  .text              ro code   0x800'5eec     0x4  startup_stm32f429xx.o [1]
  .text              ro code   0x800'5ef0     0x4  startup_stm32f429xx.o [1]
  .text              ro code   0x800'5ef4     0x4  startup_stm32f429xx.o [1]
  .text              ro code   0x800'5ef8     0x4  startup_stm32f429xx.o [1]
  .text              ro code   0x800'5efc     0x4  startup_stm32f429xx.o [1]
  .text              ro code   0x800'5f00     0x4  startup_stm32f429xx.o [1]
  .text              ro code   0x800'5f04     0x4  startup_stm32f429xx.o [1]
  .text              ro code   0x800'5f08     0x4  startup_stm32f429xx.o [1]
  .rodata            const     0x800'5f0c     0x0  zero_init3.o [7]
  .rodata            const     0x800'5f0c     0x0  packbits_init_single.o [7]
  Initializer bytes  const     0x800'5f0c    0x74  <for P2-1>
                             - 0x800'5f80  0x5dd4

"P2", part 1 of 3:                          0x108
  P2-1                        0x2000'0000   0x108  <Init block>
    .data            inited   0x2000'0000    0x70  main.o [2]
    .data            inited   0x2000'0070     0xc  stm32f4xx_hal.o [4]
    .data            inited   0x2000'007c     0x4  system_stm32f4xx.o [3]
    .data            inited   0x2000'0080    0x38  xlocale_c.o [5]
    .data            inited   0x2000'00b8    0x48  xfiles.o [5]
    .data            inited   0x2000'0100     0x8  XShttio.o [5]
                            - 0x2000'0108   0x108

"P2", part 2 of 3:                         0x2514
  .bss               zero     0x2000'0108  0x1ea0  main.o [2]
  .bss               zero     0x2000'1fa8   0x280  main.o [2]
  .bss               zero     0x2000'2228   0x280  main.o [2]
  .bss               zero     0x2000'24a8    0x70  main.o [2]
  .bss               zero     0x2000'2518    0x60  main.o [2]
  .bss               zero     0x2000'2578    0x50  xfiles.o [5]
  .bss               zero     0x2000'25c8    0x4c  main.o [2]
  .bss               zero     0x2000'2614     0x4  xfail_s.o [5]
  .bss               zero     0x2000'2618     0x2  main.o [2]
                            - 0x2000'261a  0x2512

"P2", part 3 of 3:                          0x400
  CSTACK                      0x2000'2620   0x400  <Block>
    CSTACK           uninit   0x2000'2620   0x400  <Block tail>
                            - 0x2000'2a20   0x400

Unused ranges:

         From           To       Size
         ----           --       ----
   0x800'5f80   0x81f'ffff  0x1f'a080
  0x2000'261c  0x2000'261f        0x4
  0x2000'2a20  0x2002'ffff   0x2'd5e0


*******************************************************************************
*** INIT TABLE
***

          Address      Size
          -------      ----
Zero (__iar_zero_init3)
    1 destination range, total size 0x2512:
          0x2000'0108  0x2512

Copy/packbits (__iar_packbits_init_single3)
    1 source range, total size 0x74 (43% of destination):
           0x800'5f0c    0x74
    1 destination range, total size 0x108:
          0x2000'0000   0x108



*******************************************************************************
*** MODULE SUMMARY
***

    Module                  ro code  ro data  rw data
    ------                  -------  -------  -------
command line/config:
    -------------------------------------------------
    Total:

C:\Users\205\Downloads\Bluetooth (4)\EWARM\Bluetooth\Obj\Application\EWARM: [1]
    startup_stm32f429xx.o       792
    -------------------------------------------------
    Total:                      792

C:\Users\205\Downloads\Bluetooth (4)\EWARM\Bluetooth\Obj\Application\User\Core: [2]
    main.o                    4'592       85    9'518
    stm32f4xx_hal_msp.o         540
    stm32f4xx_it.o              124
    -------------------------------------------------
    Total:                    5'256       85    9'518

C:\Users\205\Downloads\Bluetooth (4)\EWARM\Bluetooth\Obj\Drivers\CMSIS: [3]
    system_stm32f4xx.o           32       10        4
    -------------------------------------------------
    Total:                       32       10        4

C:\Users\205\Downloads\Bluetooth (4)\EWARM\Bluetooth\Obj\Drivers\STM32F4xx_HAL_Driver: [4]
    stm32f4xx_hal.o             144        5       12
    stm32f4xx_hal_cortex.o      196
    stm32f4xx_hal_dma.o       1'032
    stm32f4xx_hal_gpio.o        556
    stm32f4xx_hal_rcc.o       1'224
    stm32f4xx_hal_rcc_ex.o      548
    stm32f4xx_hal_rtc.o         854
    stm32f4xx_hal_tim.o       2'696
    stm32f4xx_hal_tim_ex.o      228
    stm32f4xx_hal_uart.o      1'884
    -------------------------------------------------
    Total:                    9'362        5       12

dl7M_tlf.a: [5]
    XShttio.o                     8        4        8
    abort.o                       6
    exit.o                        4
    low_level_init.o              4
    printf.o                     40
    putchar.o                    68
    strcat.o                     30
    xfail_s.o                    64                 4
    xfiles.o                              32      152
    xlocale_c.o                   8       27       56
    xprintffull_nomb.o        3'886
    xprout.o                     22
    -------------------------------------------------
    Total:                    4'140       63      220

m7M_tls.a: [6]
    DblAddSub.o                 606
    DblCmpGe.o                   52
    DblCmpLe.o                   52
    DblDiv.o                    582
    DblMul.o                    426
    DblToFlt.o                  104
    DblToS32.o                   54
    DblToU32.o                   34
    FltToDbl.o                   72
    S32ToDbl.o                   34
    U32ToDbl.o                   28
    fpinit_M.o                   34
    frexp.o                     112
    ldexp.o                     314
    math_wrappers64.o            18
    tan64.o                     884
    -------------------------------------------------
    Total:                    3'406

rt7M_tl.a: [7]
    ABImemclr.o                   6
    ABImemclr4.o                  6
    ABImemcpy.o                 166
    ABImemset.o                 102
    ABImemset48.o                50
    I64DivMod_small.o           262
    I64DivZer.o                   2
    cexit.o                      10
    cmain.o                      30
    cstartup_M.o                 28
    data_init.o                  40
    memchr.o                     88
    memset.o                     20
    packbits_init_single.o       58
    strchr.o                     22
    strlen_small.o               20
    zero_init3.o                 56
    -------------------------------------------------
    Total:                      966

shb_l.a: [8]
    dwrite.o                     30
    exit.o                       20
    iarttio.o                   124
    iarwrite.o                   34
    iarwstd.o                    32
    write.o                      16
    -------------------------------------------------
    Total:                      256

    Gaps                         41        2
    Linker created                        32    1'024
-----------------------------------------------------
    Grand Total:             24'251      197   10'778


*******************************************************************************
*** ENTRY LIST
***

Entry                       Address    Size  Type      Object
-----                       -------    ----  ----      ------
.iar.init_table$$Base    0x800'5cf0           --   Gb  - Linker created -
.iar.init_table$$Limit   0x800'5d10           --   Gb  - Linker created -
?main                    0x800'5d31          Code  Gb  cmain.o [7]
AHBPrescTable            0x800'5d20    0x10  Data  Gb  system_stm32f4xx.o [3]
APBPrescTable            0x800'5da8     0x8  Data  Gb  system_stm32f4xx.o [3]
BusFault_Handler         0x800'5b0f     0x2  Code  Gb  stm32f4xx_it.o [2]
CSTACK$$Base            0x2000'2620           --   Gb  - Linker created -
CSTACK$$Limit           0x2000'2a20           --   Gb  - Linker created -
DMA2_Stream1_IRQHandler
                         0x800'5b67     0x6  Code  Gb  stm32f4xx_it.o [2]
DMA_CalcBaseAndBitshift
                         0x800'3f59    0x26  Code  Lc  stm32f4xx_hal_dma.o [4]
DMA_CalcBaseAndBitshift::flagBitshiftOffset
                         0x800'3f80     0x8  Data  Lc  stm32f4xx_hal_dma.o [4]
DMA_SetConfig            0x800'3f39    0x20  Code  Lc  stm32f4xx_hal_dma.o [4]
DebugMon_Handler         0x800'5b15     0x2  Code  Gb  stm32f4xx_it.o [2]
Error_Handler            0x800'12ad     0x4  Code  Gb  main.o [2]
HAL_DMA_Abort            0x800'3cdb    0x78  Code  Gb  stm32f4xx_hal_dma.o [4]
HAL_DMA_Abort_IT         0x800'3d53    0x24  Code  Gb  stm32f4xx_hal_dma.o [4]
HAL_DMA_IRQHandler       0x800'3d77   0x188  Code  Gb  stm32f4xx_hal_dma.o [4]
HAL_DMA_Init             0x800'3b81    0xee  Code  Gb  stm32f4xx_hal_dma.o [4]
HAL_DMA_Start_IT         0x800'3c6f    0x6c  Code  Gb  stm32f4xx_hal_dma.o [4]
HAL_GPIO_Init            0x800'2da9   0x1f0  Code  Gb  stm32f4xx_hal_gpio.o [4]
HAL_GPIO_WritePin        0x800'2f99     0x8  Code  Gb  stm32f4xx_hal_gpio.o [4]
HAL_GetTick              0x800'4375     0xc  Code  Wk  stm32f4xx_hal.o [4]
HAL_IncTick              0x800'5b85    0x10  Code  Wk  stm32f4xx_hal.o [4]
HAL_Init                 0x800'2d75    0x30  Code  Gb  stm32f4xx_hal.o [4]
HAL_InitTick             0x800'44c5    0x40  Code  Wk  stm32f4xx_hal.o [4]
HAL_MspInit              0x800'3179    0x34  Code  Gb  stm32f4xx_hal_msp.o [2]
HAL_NVIC_EnableIRQ       0x800'3043    0x16  Code  Gb  stm32f4xx_hal_cortex.o [4]
HAL_NVIC_SetPriority     0x800'3009    0x3a  Code  Gb  stm32f4xx_hal_cortex.o [4]
HAL_NVIC_SetPriorityGrouping
                         0x800'2fef    0x1a  Code  Gb  stm32f4xx_hal_cortex.o [4]
HAL_RCCEx_PeriphCLKConfig
                         0x800'4519   0x1f8  Code  Gb  stm32f4xx_hal_rcc_ex.o [4]
HAL_RCC_ClockConfig      0x800'3a31   0x100  Code  Gb  stm32f4xx_hal_rcc.o [4]
HAL_RCC_GetPCLK1Freq     0x800'3b3d    0x10  Code  Gb  stm32f4xx_hal_rcc.o [4]
HAL_RCC_GetPCLK2Freq     0x800'3b4d     0xe  Code  Gb  stm32f4xx_hal_rcc.o [4]
HAL_RCC_OscConfig        0x800'3715   0x31c  Code  Wk  stm32f4xx_hal_rcc.o [4]
HAL_RTC_GetDate          0x800'35a7    0x4e  Code  Gb  stm32f4xx_hal_rtc.o [4]
HAL_RTC_GetTime          0x800'34e1    0x3a  Code  Gb  stm32f4xx_hal_rtc.o [4]
HAL_RTC_Init             0x800'3395    0x84  Code  Gb  stm32f4xx_hal_rtc.o [4]
HAL_RTC_MspInit          0x800'31ad    0x38  Code  Gb  stm32f4xx_hal_msp.o [2]
HAL_RTC_SetDate          0x800'351b    0x8c  Code  Gb  stm32f4xx_hal_rtc.o [4]
HAL_RTC_SetTime          0x800'3425    0xac  Code  Gb  stm32f4xx_hal_rtc.o [4]
HAL_RTC_WaitForSynchro   0x800'3635    0x30  Code  Gb  stm32f4xx_hal_rtc.o [4]
HAL_SYSTICK_Config       0x800'3059    0x28  Code  Gb  stm32f4xx_hal_cortex.o [4]
HAL_TIMEx_BreakCallback
                         0x800'3f8f     0x2  Code  Wk  stm32f4xx_hal_tim_ex.o [4]
HAL_TIMEx_CommutCallback
                         0x800'3f93     0x2  Code  Wk  stm32f4xx_hal_tim_ex.o [4]
HAL_TIMEx_ConfigBreakDeadTime
                         0x800'3125    0x54  Code  Gb  stm32f4xx_hal_tim_ex.o [4]
HAL_TIMEx_MasterConfigSynchronization
                         0x800'3099    0x6e  Code  Gb  stm32f4xx_hal_tim_ex.o [4]
HAL_TIM_Base_Init        0x800'139d    0x1a  Code  Gb  stm32f4xx_hal_tim.o [4]
HAL_TIM_Base_MspInit     0x800'31e5    0x96  Code  Gb  stm32f4xx_hal_msp.o [2]
HAL_TIM_Base_Start_IT    0x800'13b7    0x76  Code  Gb  stm32f4xx_hal_tim.o [4]
HAL_TIM_ConfigClockSource
                         0x800'19b7    0xaa  Code  Gb  stm32f4xx_hal_tim.o [4]
HAL_TIM_IRQHandler       0x800'17a1   0x142  Code  Gb  stm32f4xx_hal_tim.o [4]
HAL_TIM_MspPostInit      0x800'327b    0x70  Code  Gb  stm32f4xx_hal_msp.o [2]
HAL_TIM_PWM_ConfigChannel
                         0x800'18f3    0xb6  Code  Gb  stm32f4xx_hal_tim.o [4]
HAL_TIM_PWM_Init         0x800'145f    0x1a  Code  Gb  stm32f4xx_hal_tim.o [4]
HAL_TIM_PWM_PulseFinishedCallback
                         0x800'01ad    0x14  Code  Gb  main.o [2]
HAL_TIM_PWM_Start_DMA    0x800'14e9   0x116  Code  Gb  stm32f4xx_hal_tim.o [4]
HAL_TIM_PWM_Stop_DMA     0x800'16cb    0x84  Code  Gb  stm32f4xx_hal_tim.o [4]
HAL_UART_IRQHandler      0x800'2825   0x286  Code  Gb  stm32f4xx_hal_uart.o [4]
HAL_UART_Init            0x800'2619    0x1e  Code  Gb  stm32f4xx_hal_uart.o [4]
HAL_UART_MspInit         0x800'32eb    0x64  Code  Gb  stm32f4xx_hal_msp.o [2]
HAL_UART_Receive         0x800'2743    0xbe  Code  Gb  stm32f4xx_hal_uart.o [4]
HAL_UART_Transmit        0x800'2693    0xb0  Code  Gb  stm32f4xx_hal_uart.o [4]
HardFault_Handler        0x800'5b0b     0x2  Code  Gb  stm32f4xx_it.o [2]
LED_Data                0x2000'1fa8   0x280  Data  Gb  main.o [2]
LED_Mod                 0x2000'2228   0x280  Data  Gb  main.o [2]
MemManage_Handler        0x800'5b0d     0x2  Code  Gb  stm32f4xx_it.o [2]
Message_handler          0x800'0529   0x1d0  Code  Gb  main.o [2]
NMI_Handler              0x800'5b09     0x2  Code  Gb  stm32f4xx_it.o [2]
PendSV_Handler           0x800'5b17     0x2  Code  Gb  stm32f4xx_it.o [2]
RTC_ByteToBcd2           0x800'36d5    0x16  Code  Gb  stm32f4xx_hal_rtc.o [4]
RTC_EnterInitMode        0x800'366b    0x40  Code  Gb  stm32f4xx_hal_rtc.o [4]
RTC_ExitInitMode         0x800'36ab    0x2a  Code  Gb  stm32f4xx_hal_rtc.o [4]
Region$$Table$$Base      0x800'5cf0           --   Gb  - Linker created -
Region$$Table$$Limit     0x800'5d10           --   Gb  - Linker created -
SK6812_Send              0x800'026b    0x6a  Code  Gb  main.o [2]
SVC_Handler              0x800'5b13     0x2  Code  Gb  stm32f4xx_it.o [2]
Set_Brightness           0x800'01d5    0x96  Code  Gb  main.o [2]
Set_LED                  0x800'01c1    0x14  Code  Gb  main.o [2]
SysTick_Handler          0x800'5b19     0x4  Code  Gb  stm32f4xx_it.o [2]
SystemClock_Config       0x800'11cf    0x9e  Code  Gb  main.o [2]
SystemCoreClock         0x2000'007c     0x4  Data  Gb  system_stm32f4xx.o [3]
SystemInit               0x800'5d11     0xc  Code  Gb  system_stm32f4xx.o [3]
TIM3_IRQHandler          0x800'5b1d    0x26  Code  Gb  stm32f4xx_it.o [2]
TIM_Base_SetConfig       0x800'1b73    0x96  Code  Gb  stm32f4xx_hal_tim.o [4]
TIM_CCxChannelCmd        0x800'1dfb    0x16  Code  Gb  stm32f4xx_hal_tim.o [4]
TIM_DMADelayPulseCplt    0x800'1ad1    0x58  Code  Lc  stm32f4xx_hal_tim.o [4]
TIM_DMADelayPulseHalfCplt
                         0x800'1b31    0x34  Code  Gb  stm32f4xx_hal_tim.o [4]
TIM_DMAError             0x800'1a7d    0x54  Code  Gb  stm32f4xx_hal_tim.o [4]
TIM_ETR_SetConfig        0x800'1de7    0x14  Code  Gb  stm32f4xx_hal_tim.o [4]
TIM_ITRx_SetConfig       0x800'1dd7    0x10  Code  Lc  stm32f4xx_hal_tim.o [4]
TIM_OC1_SetConfig        0x800'1c09    0x58  Code  Lc  stm32f4xx_hal_tim.o [4]
TIM_OC2_SetConfig        0x800'1c61    0x60  Code  Gb  stm32f4xx_hal_tim.o [4]
TIM_OC3_SetConfig        0x800'1cc1    0x5e  Code  Lc  stm32f4xx_hal_tim.o [4]
TIM_OC4_SetConfig        0x800'1d1f    0x46  Code  Lc  stm32f4xx_hal_tim.o [4]
TIM_TI1_ConfigInputStage
                         0x800'1d95    0x1e  Code  Lc  stm32f4xx_hal_tim.o [4]
TIM_TI2_ConfigInputStage
                         0x800'1db3    0x24  Code  Lc  stm32f4xx_hal_tim.o [4]
UART_DMAAbortOnError     0x800'2bbd     0xe  Code  Lc  stm32f4xx_hal_uart.o [4]
UART_EndRxTransfer       0x800'2b75    0x2a  Code  Lc  stm32f4xx_hal_uart.o [4]
UART_Receive_IT          0x800'2bcd    0xac  Code  Lc  stm32f4xx_hal_uart.o [4]
UART_SetConfig           0x800'2ca3    0xb0  Code  Lc  stm32f4xx_hal_uart.o [4]
UART_WaitOnFlagUntilTimeout
                         0x800'2ac7    0x60  Code  Lc  stm32f4xx_hal_uart.o [4]
USART2_IRQHandler        0x800'5b43    0x24  Code  Gb  stm32f4xx_it.o [2]
UsageFault_Handler       0x800'5b11     0x2  Code  Gb  stm32f4xx_it.o [2]
_LitobFullNoMb           0x800'5471   0x10c  Code  Lc  xprintffull_nomb.o [5]
_Locale_lconv           0x2000'0080    0x38  Data  Lc  xlocale_c.o [5]
_PrintfFullNoMb          0x800'473d   0xd04  Code  Gb  xprintffull_nomb.o [5]
_Prout                   0x800'5d81    0x16  Code  Gb  xprout.o [5]
_PutcharFullNoMb         0x800'55d5    0x20  Code  Lc  xprintffull_nomb.o [5]
_PutcharsFullNoMb        0x800'55f5    0x2e  Code  Lc  xprintffull_nomb.o [5]
__NVIC_SetPriority       0x800'2fd5    0x1a  Code  Lc  stm32f4xx_hal_cortex.o [4]
__aeabi_cdcmple          0x800'56cd          Code  Gb  DblCmpLe.o [6]
__aeabi_cdrcmple         0x800'58cd          Code  Gb  DblCmpGe.o [6]
__aeabi_d2f              0x800'22a9          Code  Gb  DblToFlt.o [6]
__aeabi_d2iz             0x800'2325          Code  Gb  DblToS32.o [6]
__aeabi_d2uiz            0x800'5a3d          Code  Gb  DblToU32.o [6]
__aeabi_dadd             0x800'2389          Code  Gb  DblAddSub.o [6]
__aeabi_ddiv             0x800'2061          Code  Gb  DblDiv.o [6]
__aeabi_dmul             0x800'1eb5          Code  Gb  DblMul.o [6]
__aeabi_dsub             0x800'2505          Code  Gb  DblAddSub.o [6]
__aeabi_f2d              0x800'1e6d          Code  Gb  FltToDbl.o [6]
__aeabi_i2d              0x800'2365          Code  Gb  S32ToDbl.o [6]
__aeabi_ldiv0            0x800'5701          Code  Gb  I64DivZer.o [7]
__aeabi_memclr           0x800'235d          Code  Gb  ABImemclr.o [7]
__aeabi_memclr4          0x800'2d6d          Code  Gb  ABImemclr4.o [7]
__aeabi_memcpy           0x800'57b5          Code  Gb  ABImemcpy.o [7]
__aeabi_memcpy4          0x800'57d5          Code  Gb  ABImemcpy.o [7]
__aeabi_memcpy8          0x800'57d5          Code  Gb  ABImemcpy.o [7]
__aeabi_memset           0x800'430d          Code  Gb  ABImemset.o [7]
__aeabi_ui2d             0x800'1e51          Code  Gb  U32ToDbl.o [6]
__cmain                  0x800'5d31          Code  Gb  cmain.o [7]
__dwrite                 0x800'5be9    0x1e  Code  Gb  dwrite.o [8]
__exit                   0x800'5a71    0x14  Code  Gb  exit.o [8]
__iar_Fail_s             0x800'571d    0x1c  Code  Gb  xfail_s.o [5]
__iar_Memchr             0x800'575d          Code  Gb  memchr.o [7]
__iar_Memset             0x800'430d          Code  Gb  ABImemset.o [7]
__iar_Memset4_word       0x800'4491          Code  Gb  ABImemset48.o [7]
__iar_Memset8_word       0x800'4491          Code  Gb  ABImemset48.o [7]
__iar_Memset_word        0x800'4315          Code  Gb  ABImemset.o [7]
__iar_Stdout            0x2000'00b8    0x48  Data  Gb  xfiles.o [5]
__iar_Strchr             0x800'5705          Code  Gb  strchr.o [7]
__iar_close_ttio         0x800'5a85    0x2c  Code  Gb  iarttio.o [8]
__iar_data_init3         0x800'5c81    0x28  Code  Gb  data_init.o [7]
__iar_frexp              0x800'5869          Code  Gb  frexp.o [6]
__iar_frexpl             0x800'5869          Code  Gb  frexp.o [6]
__iar_get_ttio           0x800'5ab1    0x4c  Code  Gb  iarttio.o [8]
__iar_init_vfp           0x800'5ccd          Code  Gb  fpinit_M.o [6]
__iar_ldexp64            0x800'5901          Code  Gb  ldexp.o [6]
__iar_lookup_ttioh       0x800'5b01     0x8  Code  Gb  XShttio.o [5]
__iar_packbits_init_single3
                         0x800'1e17    0x3a  Code  Gb  packbits_init_single.o [7]
__iar_program_start      0x800'5d65          Code  Gb  cstartup_M.o [7]
__iar_scalbln64          0x800'5901          Code  Gb  ldexp.o [6]
__iar_scalbn64           0x800'5901          Code  Gb  ldexp.o [6]
__iar_sh_stdout          0x800'5c07    0x20  Code  Gb  iarwstd.o [8]
__iar_sh_write           0x800'5c27    0x22  Code  Gb  iarwrite.o [8]
__iar_small_strlen       0x800'2605          Code  Gb  strlen_small.o [7]
__iar_small_uldivmod     0x800'4389          Code  Gb  I64DivMod_small.o [7]
__iar_softfp___iar_frexp64
                         0x800'585d          Code  Gb  frexp.o [6]
__iar_softfp_frexp       0x800'585d          Code  Gb  frexp.o [6]
__iar_softfp_frexpl      0x800'585d          Code  Gb  frexp.o [6]
__iar_tan64              0x800'3f99   0x304  Code  Gb  tan64.o [6]
__iar_tan_medium         0x800'3f99   0x304  Code  Gb  tan64.o [6]
__iar_tan_medium64       0x800'3f99   0x304  Code  Gb  tan64.o [6]
__iar_tan_mediuml        0x800'3f99   0x304  Code  Gb  tan64.o [6]
__iar_ttio_handles      0x2000'0100     0x8  Data  Lc  XShttio.o [5]
__iar_vfp_tan            0x800'2317     0xc  Code  Gb  math_wrappers64.o [6]
__iar_zero_init3         0x800'5c49    0x38  Code  Gb  zero_init3.o [7]
__low_level_init         0x800'5d4f     0x4  Code  Gb  low_level_init.o [5]
__vector_table           0x800'0000          Data  Gb  startup_stm32f429xx.o [1]
__write                  0x800'5bd9    0x10  Code  Gb  write.o [8]
_call_main               0x800'5d3d          Code  Gb  cmain.o [7]
_exit                    0x800'5d59          Code  Gb  cexit.o [7]
a                       0x2000'0048     0x4  Data  Gb  main.o [2]
abort                    0x800'5a69     0x6  Code  Gb  abort.o [5]
buffer                  0x2000'005c    0x14  Data  Gb  main.o [2]
buffer_index            0x2000'0001     0x1  Data  Gb  main.o [2]
bz                      0x2000'0058     0x4  Data  Gb  main.o [2]
datasentflag            0x2000'2610     0x4  Data  Gb  main.o [2]
effStep                 0x2000'2618     0x2  Data  Gb  main.o [2]
exit                     0x800'5d53     0x4  Code  Gb  exit.o [5]
gz                      0x2000'0054     0x4  Data  Gb  main.o [2]
hdma_tim1_ch1           0x2000'2518    0x60  Data  Gb  main.o [2]
hrtc                    0x2000'24ac    0x20  Data  Gb  main.o [2]
htim1                   0x2000'25c8    0x48  Data  Gb  main.o [2]
htim3                   0x2000'24cc    0x48  Data  Gb  main.o [2]
huart2                  0x2000'0004    0x44  Data  Gb  main.o [2]
iz                      0x2000'004c     0x4  Data  Gb  main.o [2]
ldexp                    0x800'5901          Code  Gb  ldexp.o [6]
ldexpl                   0x800'5901          Code  Gb  ldexp.o [6]
localeconv               0x800'5a61     0x4  Code  Gb  xlocale_c.o [5]
main                     0x800'07e1   0x974  Code  Gb  main.o [2]
main::tick_Seconds      0x2000'2514     0x4  Data  Lc  main.o [2]
main::toggle            0x2000'24a8     0x4  Data  Lc  main.o [2]
memchr                   0x800'575d          Code  Gb  memchr.o [7]
memset                   0x800'4505    0x14  Code  Gb  memset.o [7]
obuf                    0x2000'2578    0x50  Data  Lc  xfiles.o [5]
printf                   0x800'36ed    0x28  Code  Gb  printf.o [5]
putchar                  0x800'5b95    0x44  Code  Gb  putchar.o [5]
pwmData                 0x2000'0108  0x1ea0  Data  Gb  main.o [2]
rainbow_effect_left      0x800'02d5   0x1da  Code  Gb  main.o [2]
rz                      0x2000'0050     0x4  Data  Gb  main.o [2]
scalbln                  0x800'5901          Code  Gb  ldexp.o [6]
scalblnl                 0x800'5901          Code  Gb  ldexp.o [6]
scalbn                   0x800'5901          Code  Gb  ldexp.o [6]
scalbnl                  0x800'5901          Code  Gb  ldexp.o [6]
scale                    0x800'557d    0x46  Code  Lc  xprintffull_nomb.o [5]
sec_hand                0x2000'2614     0x4  Data  Lc  xfail_s.o [5]
strcat                   0x800'25e7    0x1e  Code  Gb  strcat.o [5]
strchr                   0x800'5705          Code  Gb  strchr.o [7]
string_compare           0x800'0501    0x28  Code  Gb  main.o [2]
tan                      0x800'3f99   0x304  Code  Gb  tan64.o [6]
tanl                     0x800'3f99   0x304  Code  Gb  tan64.o [6]
timer_count             0x2000'0000     0x1  Data  Gb  main.o [2]
uwTick                  0x2000'0074     0x4  Data  Gb  stm32f4xx_hal.o [4]
uwTickFreq              0x2000'0070     0x1  Data  Gb  stm32f4xx_hal.o [4]
uwTickPrio              0x2000'0078     0x4  Data  Gb  stm32f4xx_hal.o [4]


[1] = C:\Users\205\Downloads\Bluetooth (4)\EWARM\Bluetooth\Obj\Application\EWARM
[2] = C:\Users\205\Downloads\Bluetooth (4)\EWARM\Bluetooth\Obj\Application\User\Core
[3] = C:\Users\205\Downloads\Bluetooth (4)\EWARM\Bluetooth\Obj\Drivers\CMSIS
[4] = C:\Users\205\Downloads\Bluetooth (4)\EWARM\Bluetooth\Obj\Drivers\STM32F4xx_HAL_Driver
[5] = dl7M_tlf.a
[6] = m7M_tls.a
[7] = rt7M_tl.a
[8] = shb_l.a

  24'251 bytes of readonly  code memory
     197 bytes of readonly  data memory
  10'778 bytes of readwrite data memory

Errors: none
Warnings: none
